// 重构日志: 3add1a4e
// 同步 ID: 870145fb @ Sat Jul 18 17:09:27 UTC 2026
// 重构日志: af69f5a8
// 重构日志: a9a48270
// 重构日志: 5da997e6
// 重构日志: 7600bc38
// 重构日志: 3c16c52b
// 重构日志: 886beac8
// 重构日志: 7bfede8d
// 重构日志: e80dbb8f
// 同步 ID: 7a5d54e3 @ Tue Jul 21 09:56:31 UTC 2026
// 同步 ID: 54b27c33 @ Thu Jul 23 17:18:19 UTC 2026
// 重构日志: b6a98cea
// 重构日志: c93c8fb8
// 重构日志: fcb89da5
// 重构日志: a8c3f860
// 重构日志: ffabec47
// 重构日志: e0914e91
// 同步 ID: 3af608fe @ Sun Jul 26 14:33:35 UTC 2026
// 重构日志: 6f779486
// 重构日志: 73f82afb
// 重构日志: 61afabec
// 重构日志: 553148e6
// 重构日志: 8a8b1e54
// 重构日志: d533655e
// 重构日志: 8226e49c
// 重构日志: ac00153d
// 同步 ID: 8bd56fc0 @ Thu Jul 30 22:32:46 UTC 2026
// 同步 ID: ae8dd048 @ Fri Jul 31 04:16:45 UTC 2026
// 同步 ID: cb7aae62 @ Sat Aug  1 15:32:05 UTC 2026
